[Serveur] main() démarré
[CheminApp] Racine trouvée via working directory : C:\Users\erwan\Documents\GitHub\Stage_M2Serveur\gestionNOZ
[Serveur] Racine détectée : C:\Users\erwan\Documents\GitHub\Stage_M2Serveur\gestionNOZ
[AES] Clé chargée depuis : C:\Users\erwan\Documents\GitHub\Stage_M2Serveur\gestionNOZ\secret.key
[Serveur] Chiffrement AES-256 activé.
[Serveur] Début chargement initial des données...
[Serveur] Chemin de chargement : C:\Users\erwan\Documents\GitHub\Stage_M2Serveur\gestionNOZ\app\data\courutilisation
[DonneesSauvegarder] Lecture lots depuis : C:\Users\erwan\Documents\GitHub\Stage_M2Serveur\gestionNOZ\app\data\courutilisation/lots.json
[DonneesSauvegarder] Lecture brute C:\Users\erwan\Documents\GitHub\Stage_M2Serveur\gestionNOZ\app\data\courutilisation/lots.json : 200 caractères
[DonneesSauvegarder] Début contenu : oaEkN/5xbIXVsfFjyTfPwFEyBwulykTOOaO0YgJRoNP1oRFEfF/s8QNkgfgBFU5ml/YdMd2nSZ4xvP/gSJfWYgVv2B7CYzZRjZFg+wgOleFDGaW19MDqFuWuyqOI0L6JACH1Hb3RC3R2DfUDLHCUFKhZPxdVLvrarFNEKVpzYTYLoVuQb0/METeR5R2GwBimfcrt/b38
[DonneesSauvegarder] Contenu déchiffré C:\Users\erwan\Documents\GitHub\Stage_M2Serveur\gestionNOZ\app\data\courutilisation/lots.json : 200 caractères
[DonneesSauvegarder] Début contenu déchiffré : [\n  {\n    "id": "8fd2817a-d0e9-4461-ab47-af830a504b78",\n    "numCDE": 9001349,\n    "semaine": "202617",\n    "priorite": 0,\n    "typologie": "FIGURINE GADGET/JOUET/LUDIQUE",\n    "affaire": "GI479- SD C
[DonneesSauvegarder] JSON lots lu : 68020 octets
[DonneesSauvegarder] Début désérialisation lots
[DonneesSauvegarder] Lecture societes depuis : C:\Users\erwan\Documents\GitHub\Stage_M2Serveur\gestionNOZ\app\data\courutilisation/societes.json
[DonneesSauvegarder] Lecture brute C:\Users\erwan\Documents\GitHub\Stage_M2Serveur\gestionNOZ\app\data\courutilisation/societes.json : 200 caractères
[DonneesSauvegarder] Début contenu : CMKVOa3Ki3y/ucsfSq5t4hjKsQi/qWT5IwgaDhdyNeejB0+gjl1n2ZCg+kSm4ODGl856x3ArljrRsEA/voLn7QxZlCjgW6BpmkFQEuwvRgI1gE9pvG0XkgLMmCAVY4fWUO8AnwLJqyi0NrYzpDTBUWeYCzyGo0w+HhlPBcdNJmu4r+gl5UgLyhYldWvwLWH5tDlEhva8
[DonneesSauvegarder] Contenu déchiffré C:\Users\erwan\Documents\GitHub\Stage_M2Serveur\gestionNOZ\app\data\courutilisation/societes.json : 200 caractères
[DonneesSauvegarder] Début contenu déchiffré : [\n  {\n    "nom": "EUP",\n    "ce": "GERALDINE",\n    "totalHeuresCE": 904,\n    "effectifTotal": 0,\n    "lotsIds": [6004656],\n    "aces": [\n      {\n        "nom": "CHARLENE",\n        "nbPers": 0,\n       
[DonneesSauvegarder] JSON societes lu : 1933 octets
[DonneesSauvegarder] Début désérialisation societes
[JsonSerialiser] extraireObjets start len=68020
[JsonSerialiser] extraireObjets end count=60
[JsonSerialiser] Lots objets extraits : 60
[JsonSerialiser] Lot #0 taille=1091
[JsonSerialiser] deserialiserLot start taille=1091
[JsonSerialiser] deserialiserLot after constructor
[JsonSerialiser] deserialiserLot after distribution
[JsonSerialiser] deserialiserLot after formatCarton
[JsonSerialiser] deserialiserLot after dateDebut
[JsonSerialiser] deserialiserLot after dateFin
[JsonSerialiser] deserialiserLot after dateFinTheorique
[JsonSerialiser] deserialiserLot after cadenceReel
[JsonSerialiser] deserialiserLot after collisage
[JsonSerialiser] deserialiserLot before nbPers
[JsonSerialiser] deserialiserLot after nbPers
[JsonSerialiser] deserialiserLot before poucentrecup
[JsonSerialiser] deserialiserLot after poucentrecup
[JsonSerialiser] deserialiserLot before lignesColisage
[JsonSerialiser] deserialiserLot lignesColisageStr=2
[JsonSerialiser] extraireObjets start len=2
[JsonSerialiser] extraireObjets end count=0
[JsonSerialiser] deserialiserLot end
[JsonSerialiser] Lot #1 taille=1121
[JsonSerialiser] deserialiserLot start taille=1121
[JsonSerialiser] deserialiserLot after constructor
[JsonSerialiser] deserialiserLot after distribution
[JsonSerialiser] deserialiserLot after formatCarton
[JsonSerialiser] deserialiserLot after dateDebut
[JsonSerialiser] deserialiserLot after dateFin
[JsonSerialiser] deserialiserLot after dateFinTheorique
[JsonSerialiser] deserialiserLot after cadenceReel
[JsonSerialiser] deserialiserLot after collisage
[JsonSerialiser] deserialiserLot before nbPers
[JsonSerialiser] deserialiserLot after nbPers
[JsonSerialiser] deserialiserLot before poucentrecup
[JsonSerialiser] deserialiserLot after poucentrecup
[JsonSerialiser] deserialiserLot before lignesColisage
[JsonSerialiser] deserialiserLot lignesColisageStr=2
[JsonSerialiser] extraireObjets start len=2
[JsonSerialiser] extraireObjets end count=0
[JsonSerialiser] deserialiserLot end
[JsonSerialiser] Lot #2 taille=1144
[JsonSerialiser] deserialiserLot start taille=1144
[JsonSerialiser] deserialiserLot after constructor
[JsonSerialiser] deserialiserLot after distribution
[JsonSerialiser] deserialiserLot after formatCarton
[JsonSerialiser] deserialiserLot after dateDebut
[JsonSerialiser] deserialiserLot after dateFin
[JsonSerialiser] deserialiserLot after dateFinTheorique
[JsonSerialiser] deserialiserLot after cadenceReel
[JsonSerialiser] deserialiserLot after collisage
[JsonSerialiser] deserialiserLot before nbPers
[JsonSerialiser] deserialiserLot after nbPers
[JsonSerialiser] deserialiserLot before poucentrecup
[JsonSerialiser] deserialiserLot after poucentrecup
[JsonSerialiser] deserialiserLot before lignesColisage
[JsonSerialiser] deserialiserLot lignesColisageStr=2
[JsonSerialiser] extraireObjets start len=2
[JsonSerialiser] extraireObjets end count=0
[JsonSerialiser] deserialiserLot end
[JsonSerialiser] Lot #3 taille=1133
[JsonSerialiser] deserialiserLot start taille=1133
[JsonSerialiser] deserialiserLot after constructor
[JsonSerialiser] deserialiserLot after distribution
[JsonSerialiser] deserialiserLot after formatCarton
[JsonSerialiser] deserialiserLot after dateDebut
[JsonSerialiser] deserialiserLot after dateFin
[JsonSerialiser] deserialiserLot after dateFinTheorique
[JsonSerialiser] deserialiserLot after cadenceReel
[JsonSerialiser] deserialiserLot after collisage
[JsonSerialiser] deserialiserLot before nbPers
[JsonSerialiser] deserialiserLot after nbPers
[JsonSerialiser] deserialiserLot before poucentrecup
[JsonSerialiser] deserialiserLot after poucentrecup
[JsonSerialiser] deserialiserLot before lignesColisage
[JsonSerialiser] deserialiserLot lignesColisageStr=2
[JsonSerialiser] extraireObjets start len=2
[JsonSerialiser] extraireObjets end count=0
[JsonSerialiser] deserialiserLot end
[JsonSerialiser] Lot #4 taille=1073
[JsonSerialiser] deserialiserLot start taille=1073
[JsonSerialiser] deserialiserLot after constructor
[JsonSerialiser] deserialiserLot after distribution
[JsonSerialiser] deserialiserLot after formatCarton
[JsonSerialiser] deserialiserLot after dateDebut
[JsonSerialiser] deserialiserLot after dateFin
[JsonSerialiser] deserialiserLot after dateFinTheorique
[JsonSerialiser] deserialiserLot after cadenceReel
[JsonSerialiser] deserialiserLot after collisage
[JsonSerialiser] deserialiserLot before nbPers
[JsonSerialiser] deserialiserLot after nbPers
[JsonSerialiser] deserialiserLot before poucentrecup
[JsonSerialiser] deserialiserLot after poucentrecup
[JsonSerialiser] deserialiserLot before lignesColisage
[JsonSerialiser] deserialiserLot lignesColisageStr=2
[JsonSerialiser] extraireObjets start len=2
[JsonSerialiser] extraireObjets end count=0
[JsonSerialiser] deserialiserLot end
[JsonSerialiser] Lot #5 taille=1116
[JsonSerialiser] deserialiserLot start taille=1116
[JsonSerialiser] deserialiserLot after constructor
[JsonSerialiser] deserialiserLot after distribution
[JsonSerialiser] deserialiserLot after formatCarton
[JsonSerialiser] deserialiserLot after dateDebut
[JsonSerialiser] deserialiserLot after dateFin
[JsonSerialiser] deserialiserLot after dateFinTheorique
[JsonSerialiser] deserialiserLot after cadenceReel
[JsonSerialiser] deserialiserLot after collisage
[JsonSerialiser] deserialiserLot before nbPers
[JsonSerialiser] deserialiserLot after nbPers
[JsonSerialiser] deserialiserLot before poucentrecup
[JsonSerialiser] deserialiserLot after poucentrecup
[JsonSerialiser] deserialiserLot before lignesColisage
[JsonSerialiser] deserialiserLot lignesColisageStr=2
[JsonSerialiser] extraireObjets start len=2
[JsonSerialiser] extraireObjets end count=0
[JsonSerialiser] deserialiserLot end
[JsonSerialiser] Lot #6 taille=1120
[JsonSerialiser] deserialiserLot start taille=1120
[JsonSerialiser] deserialiserLot after constructor
[JsonSerialiser] deserialiserLot after distribution
[JsonSerialiser] deserialiserLot after formatCarton
[JsonSerialiser] deserialiserLot after dateDebut
[JsonSerialiser] deserialiserLot after dateFin
[JsonSerialiser] deserialiserLot after dateFinTheorique
[JsonSerialiser] deserialiserLot after cadenceReel
[JsonSerialiser] deserialiserLot after collisage
[JsonSerialiser] deserialiserLot before nbPers
[JsonSerialiser] deserialiserLot after nbPers
[JsonSerialiser] deserialiserLot before poucentrecup
[JsonSerialiser] deserialiserLot after poucentrecup
[JsonSerialiser] deserialiserLot before lignesColisage
[JsonSerialiser] deserialiserLot lignesColisageStr=2
[JsonSerialiser] extraireObjets start len=2
[JsonSerialiser] extraireObjets end count=0
[JsonSerialiser] deserialiserLot end
[JsonSerialiser] Lot #7 taille=1150
[JsonSerialiser] deserialiserLot start taille=1150
[JsonSerialiser] deserialiserLot after constructor
[JsonSerialiser] deserialiserLot after distribution
[JsonSerialiser] deserialiserLot after formatCarton
[JsonSerialiser] deserialiserLot after dateDebut
[JsonSerialiser] deserialiserLot after dateFin
[JsonSerialiser] deserialiserLot after dateFinTheorique
[JsonSerialiser] deserialiserLot after cadenceReel
[JsonSerialiser] deserialiserLot after collisage
[JsonSerialiser] deserialiserLot before nbPers
[JsonSerialiser] deserialiserLot after nbPers
[JsonSerialiser] deserialiserLot before poucentrecup
[JsonSerialiser] deserialiserLot after poucentrecup
[JsonSerialiser] deserialiserLot before lignesColisage
[JsonSerialiser] deserialiserLot lignesColisageStr=2
[JsonSerialiser] extraireObjets start len=2
[JsonSerialiser] extraireObjets end count=0
[JsonSerialiser] deserialiserLot end
[JsonSerialiser] Lot #8 taille=1121
[JsonSerialiser] deserialiserLot start taille=1121
[JsonSerialiser] deserialiserLot after constructor
[JsonSerialiser] deserialiserLot after distribution
[JsonSerialiser] deserialiserLot after formatCarton
[JsonSerialiser] deserialiserLot after dateDebut
[JsonSerialiser] deserialiserLot after dateFin
[JsonSerialiser] deserialiserLot after dateFinTheorique
[JsonSerialiser] deserialiserLot after cadenceReel
[JsonSerialiser] deserialiserLot after collisage
[JsonSerialiser] deserialiserLot before nbPers
[JsonSerialiser] deserialiserLot after nbPers
[JsonSerialiser] deserialiserLot before poucentrecup
[JsonSerialiser] deserialiserLot after poucentrecup
[JsonSerialiser] deserialiserLot before lignesColisage
[JsonSerialiser] deserialiserLot lignesColisageStr=2
[JsonSerialiser] extraireObjets start len=2
[JsonSerialiser] extraireObjets end count=0
[JsonSerialiser] deserialiserLot end
[JsonSerialiser] Lot #9 taille=1111
[JsonSerialiser] deserialiserLot start taille=1111
[JsonSerialiser] deserialiserLot after constructor
[JsonSerialiser] deserialiserLot after distribution
[JsonSerialiser] deserialiserLot after formatCarton
[JsonSerialiser] deserialiserLot after dateDebut
[JsonSerialiser] deserialiserLot after dateFin
[JsonSerialiser] deserialiserLot after dateFinTheorique
[JsonSerialiser] deserialiserLot after cadenceReel
[JsonSerialiser] deserialiserLot after collisage
[JsonSerialiser] deserialiserLot before nbPers
[JsonSerialiser] deserialiserLot after nbPers
[JsonSerialiser] deserialiserLot before poucentrecup
[JsonSerialiser] deserialiserLot after poucentrecup
[JsonSerialiser] deserialiserLot before lignesColisage
[JsonSerialiser] deserialiserLot lignesColisageStr=2
[JsonSerialiser] extraireObjets start len=2
[JsonSerialiser] extraireObjets end count=0
[JsonSerialiser] deserialiserLot end
[JsonSerialiser] Lot #10 taille=1129
[JsonSerialiser] deserialiserLot start taille=1129
[JsonSerialiser] deserialiserLot after constructor
[JsonSerialiser] deserialiserLot after distribution
[JsonSerialiser] deserialiserLot after formatCarton
[JsonSerialiser] deserialiserLot after dateDebut
[JsonSerialiser] deserialiserLot after dateFin
[JsonSerialiser] deserialiserLot after dateFinTheorique
[JsonSerialiser] deserialiserLot after cadenceReel
[JsonSerialiser] deserialiserLot after collisage
[JsonSerialiser] deserialiserLot before nbPers
[JsonSerialiser] deserialiserLot after nbPers
[JsonSerialiser] deserialiserLot before poucentrecup
[JsonSerialiser] deserialiserLot after poucentrecup
[JsonSerialiser] deserialiserLot before lignesColisage
[JsonSerialiser] deserialiserLot lignesColisageStr=2
[JsonSerialiser] extraireObjets start len=2
[JsonSerialiser] extraireObjets end count=0
[JsonSerialiser] deserialiserLot end
[JsonSerialiser] Lot #11 taille=1111
[JsonSerialiser] deserialiserLot start taille=1111
[JsonSerialiser] deserialiserLot after constructor
[JsonSerialiser] deserialiserLot after distribution
[JsonSerialiser] deserialiserLot after formatCarton
[JsonSerialiser] deserialiserLot after dateDebut
[JsonSerialiser] deserialiserLot after dateFin
[JsonSerialiser] deserialiserLot after dateFinTheorique
[JsonSerialiser] deserialiserLot after cadenceReel
[JsonSerialiser] deserialiserLot after collisage
[JsonSerialiser] deserialiserLot before nbPers
[JsonSerialiser] deserialiserLot after nbPers
[JsonSerialiser] deserialiserLot before poucentrecup
[JsonSerialiser] deserialiserLot after poucentrecup
[JsonSerialiser] deserialiserLot before lignesColisage
[JsonSerialiser] deserialiserLot lignesColisageStr=2
[JsonSerialiser] extraireObjets start len=2
[JsonSerialiser] extraireObjets end count=0
[JsonSerialiser] deserialiserLot end
[JsonSerialiser] Lot #12 taille=1122
[JsonSerialiser] deserialiserLot start taille=1122
[JsonSerialiser] deserialiserLot after constructor
[JsonSerialiser] deserialiserLot after distribution
[JsonSerialiser] deserialiserLot after formatCarton
[JsonSerialiser] deserialiserLot after dateDebut
[JsonSerialiser] deserialiserLot after dateFin
[JsonSerialiser] deserialiserLot after dateFinTheorique
[JsonSerialiser] deserialiserLot after cadenceReel
[JsonSerialiser] deserialiserLot after collisage
[JsonSerialiser] deserialiserLot before nbPers
[JsonSerialiser] deserialiserLot after nbPers
[JsonSerialiser] deserialiserLot before poucentrecup
[JsonSerialiser] deserialiserLot after poucentrecup
[JsonSerialiser] deserialiserLot before lignesColisage
[JsonSerialiser] deserialiserLot lignesColisageStr=2
[JsonSerialiser] extraireObjets start len=2
[JsonSerialiser] extraireObjets end count=0
[JsonSerialiser] deserialiserLot end
[JsonSerialiser] Lot #13 taille=1117
[JsonSerialiser] deserialiserLot start taille=1117
[JsonSerialiser] deserialiserLot after constructor
[JsonSerialiser] deserialiserLot after distribution
[JsonSerialiser] deserialiserLot after formatCarton
[JsonSerialiser] deserialiserLot after dateDebut
[JsonSerialiser] deserialiserLot after dateFin
[JsonSerialiser] deserialiserLot after dateFinTheorique
[JsonSerialiser] deserialiserLot after cadenceReel
[JsonSerialiser] deserialiserLot after collisage
[JsonSerialiser] deserialiserLot before nbPers
[JsonSerialiser] deserialiserLot after nbPers
[JsonSerialiser] deserialiserLot before poucentrecup
[JsonSerialiser] deserialiserLot after poucentrecup
[JsonSerialiser] deserialiserLot before lignesColisage
[JsonSerialiser] deserialiserLot lignesColisageStr=2
[JsonSerialiser] extraireObjets start len=2
[JsonSerialiser] extraireObjets end count=0
[JsonSerialiser] deserialiserLot end
[JsonSerialiser] Lot #14 taille=1137
[JsonSerialiser] deserialiserLot start taille=1137
[JsonSerialiser] deserialiserLot after constructor
[JsonSerialiser] deserialiserLot after distribution
[JsonSerialiser] deserialiserLot after formatCarton
[JsonSerialiser] deserialiserLot after dateDebut
[JsonSerialiser] deserialiserLot after dateFin
[JsonSerialiser] deserialiserLot after dateFinTheorique
[JsonSerialiser] deserialiserLot after cadenceReel
[JsonSerialiser] deserialiserLot after collisage
[JsonSerialiser] deserialiserLot before nbPers
[JsonSerialiser] deserialiserLot after nbPers
[JsonSerialiser] deserialiserLot before poucentrecup
[JsonSerialiser] deserialiserLot after poucentrecup
[JsonSerialiser] deserialiserLot before lignesColisage
[JsonSerialiser] deserialiserLot lignesColisageStr=2
[JsonSerialiser] extraireObjets start len=2
[JsonSerialiser] extraireObjets end count=0
[JsonSerialiser] deserialiserLot end
[JsonSerialiser] Lot #15 taille=1135
[JsonSerialiser] deserialiserLot start taille=1135
[JsonSerialiser] deserialiserLot after constructor
[JsonSerialiser] deserialiserLot after distribution
[JsonSerialiser] deserialiserLot after formatCarton
[JsonSerialiser] deserialiserLot after dateDebut
[JsonSerialiser] deserialiserLot after dateFin
[JsonSerialiser] deserialiserLot after dateFinTheorique
[JsonSerialiser] deserialiserLot after cadenceReel
[JsonSerialiser] deserialiserLot after collisage
[JsonSerialiser] deserialiserLot before nbPers
[JsonSerialiser] deserialiserLot after nbPers
[JsonSerialiser] deserialiserLot before poucentrecup
[JsonSerialiser] deserialiserLot after poucentrecup
[JsonSerialiser] deserialiserLot before lignesColisage
[JsonSerialiser] deserialiserLot lignesColisageStr=2
[JsonSerialiser] extraireObjets start len=2
[JsonSerialiser] extraireObjets end count=0
[JsonSerialiser] deserialiserLot end
[JsonSerialiser] Lot #16 taille=1167
[JsonSerialiser] deserialiserLot start taille=1167
[JsonSerialiser] deserialiserLot after constructor
[JsonSerialiser] deserialiserLot after distribution
[JsonSerialiser] deserialiserLot after formatCarton
[JsonSerialiser] deserialiserLot after dateDebut
[JsonSerialiser] deserialiserLot after dateFin
[JsonSerialiser] deserialiserLot after dateFinTheorique
[JsonSerialiser] deserialiserLot after cadenceReel
[JsonSerialiser] deserialiserLot after collisage
[JsonSerialiser] deserialiserLot before nbPers
[JsonSerialiser] deserialiserLot after nbPers
[JsonSerialiser] deserialiserLot before poucentrecup
[JsonSerialiser] deserialiserLot after poucentrecup
[JsonSerialiser] deserialiserLot before lignesColisage
[JsonSerialiser] deserialiserLot lignesColisageStr=2
[JsonSerialiser] extraireObjets start len=2
[JsonSerialiser] extraireObjets end count=0
[JsonSerialiser] deserialiserLot end
[JsonSerialiser] Lot #17 taille=1150
[JsonSerialiser] deserialiserLot start taille=1150
[JsonSerialiser] deserialiserLot after constructor
[JsonSerialiser] deserialiserLot after distribution
[JsonSerialiser] deserialiserLot after formatCarton
[JsonSerialiser] deserialiserLot after dateDebut
[JsonSerialiser] deserialiserLot after dateFin
[JsonSerialiser] deserialiserLot after dateFinTheorique
[JsonSerialiser] deserialiserLot after cadenceReel
[JsonSerialiser] deserialiserLot after collisage
[JsonSerialiser] deserialiserLot before nbPers
[JsonSerialiser] deserialiserLot after nbPers
[JsonSerialiser] deserialiserLot before poucentrecup
[JsonSerialiser] deserialiserLot after poucentrecup
[JsonSerialiser] deserialiserLot before lignesColisage
[JsonSerialiser] deserialiserLot lignesColisageStr=2
[JsonSerialiser] extraireObjets start len=2
[JsonSerialiser] extraireObjets end count=0
[JsonSerialiser] deserialiserLot end
[JsonSerialiser] Lot #18 taille=1153
[JsonSerialiser] deserialiserLot start taille=1153
[JsonSerialiser] deserialiserLot after constructor
[JsonSerialiser] deserialiserLot after distribution
[JsonSerialiser] deserialiserLot after formatCarton
[JsonSerialiser] deserialiserLot after dateDebut
[JsonSerialiser] deserialiserLot after dateFin
[JsonSerialiser] deserialiserLot after dateFinTheorique
[JsonSerialiser] deserialiserLot after cadenceReel
[JsonSerialiser] deserialiserLot after collisage
[JsonSerialiser] deserialiserLot before nbPers
[JsonSerialiser] deserialiserLot after nbPers
[JsonSerialiser] deserialiserLot before poucentrecup
[JsonSerialiser] deserialiserLot after poucentrecup
[JsonSerialiser] deserialiserLot before lignesColisage
[JsonSerialiser] deserialiserLot lignesColisageStr=2
[JsonSerialiser] extraireObjets start len=2
[JsonSerialiser] extraireObjets end count=0
[JsonSerialiser] deserialiserLot end
[JsonSerialiser] Lot #19 taille=1129
[JsonSerialiser] deserialiserLot start taille=1129
[JsonSerialiser] deserialiserLot after constructor
[JsonSerialiser] deserialiserLot after distribution
[JsonSerialiser] deserialiserLot after formatCarton
[JsonSerialiser] deserialiserLot after dateDebut
[JsonSerialiser] deserialiserLot after dateFin
[JsonSerialiser] deserialiserLot after dateFinTheorique
[JsonSerialiser] deserialiserLot after cadenceReel
[JsonSerialiser] deserialiserLot after collisage
[JsonSerialiser] deserialiserLot before nbPers
[JsonSerialiser] deserialiserLot after nbPers
[JsonSerialiser] deserialiserLot before poucentrecup
[JsonSerialiser] deserialiserLot after poucentrecup
[JsonSerialiser] deserialiserLot before lignesColisage
[JsonSerialiser] deserialiserLot lignesColisageStr=2
[JsonSerialiser] extraireObjets start len=2
[JsonSerialiser] extraireObjets end count=0
[JsonSerialiser] deserialiserLot end
[JsonSerialiser] Lot #20 taille=1154
[JsonSerialiser] deserialiserLot start taille=1154
[JsonSerialiser] deserialiserLot after constructor
[JsonSerialiser] deserialiserLot after distribution
[JsonSerialiser] deserialiserLot after formatCarton
[JsonSerialiser] deserialiserLot after dateDebut
[JsonSerialiser] deserialiserLot after dateFin
[JsonSerialiser] deserialiserLot after dateFinTheorique
[JsonSerialiser] deserialiserLot after cadenceReel
[JsonSerialiser] deserialiserLot after collisage
[JsonSerialiser] deserialiserLot before nbPers
[JsonSerialiser] deserialiserLot after nbPers
[JsonSerialiser] deserialiserLot before poucentrecup
[JsonSerialiser] deserialiserLot after poucentrecup
[JsonSerialiser] deserialiserLot before lignesColisage
[JsonSerialiser] deserialiserLot lignesColisageStr=2
[JsonSerialiser] extraireObjets start len=2
[JsonSerialiser] extraireObjets end count=0
[JsonSerialiser] deserialiserLot end
[JsonSerialiser] Lot #21 taille=1117
[JsonSerialiser] deserialiserLot start taille=1117
[JsonSerialiser] deserialiserLot after constructor
[JsonSerialiser] deserialiserLot after distribution
[JsonSerialiser] deserialiserLot after formatCarton
[JsonSerialiser] deserialiserLot after dateDebut
[JsonSerialiser] deserialiserLot after dateFin
[JsonSerialiser] deserialiserLot after dateFinTheorique
[JsonSerialiser] deserialiserLot after cadenceReel
[JsonSerialiser] deserialiserLot after collisage
[JsonSerialiser] deserialiserLot before nbPers
[JsonSerialiser] deserialiserLot after nbPers
[JsonSerialiser] deserialiserLot before poucentrecup
[JsonSerialiser] deserialiserLot after poucentrecup
[JsonSerialiser] deserialiserLot before lignesColisage
[JsonSerialiser] deserialiserLot lignesColisageStr=2
[JsonSerialiser] extraireObjets start len=2
[JsonSerialiser] extraireObjets end count=0
[JsonSerialiser] deserialiserLot end
[JsonSerialiser] Lot #22 taille=1141
[JsonSerialiser] deserialiserLot start taille=1141
[JsonSerialiser] deserialiserLot after constructor
[JsonSerialiser] deserialiserLot after distribution
[JsonSerialiser] deserialiserLot after formatCarton
[JsonSerialiser] deserialiserLot after dateDebut
[JsonSerialiser] deserialiserLot after dateFin
[JsonSerialiser] deserialiserLot after dateFinTheorique
[JsonSerialiser] deserialiserLot after cadenceReel
[JsonSerialiser] deserialiserLot after collisage
[JsonSerialiser] deserialiserLot before nbPers
[JsonSerialiser] deserialiserLot after nbPers
[JsonSerialiser] deserialiserLot before poucentrecup
[JsonSerialiser] deserialiserLot after poucentrecup
[JsonSerialiser] deserialiserLot before lignesColisage
[JsonSerialiser] deserialiserLot lignesColisageStr=2
[JsonSerialiser] extraireObjets start len=2
[JsonSerialiser] extraireObjets end count=0
[JsonSerialiser] deserialiserLot end
[JsonSerialiser] Lot #23 taille=1115
[JsonSerialiser] deserialiserLot start taille=1115
[JsonSerialiser] deserialiserLot after constructor
[JsonSerialiser] deserialiserLot after distribution
[JsonSerialiser] deserialiserLot after formatCarton
[JsonSerialiser] deserialiserLot after dateDebut
[JsonSerialiser] deserialiserLot after dateFin
[JsonSerialiser] deserialiserLot after dateFinTheorique
[JsonSerialiser] deserialiserLot after cadenceReel
[JsonSerialiser] deserialiserLot after collisage
[JsonSerialiser] deserialiserLot before nbPers
[JsonSerialiser] deserialiserLot after nbPers
[JsonSerialiser] deserialiserLot before poucentrecup
[JsonSerialiser] deserialiserLot after poucentrecup
[JsonSerialiser] deserialiserLot before lignesColisage
[JsonSerialiser] deserialiserLot lignesColisageStr=2
[JsonSerialiser] extraireObjets start len=2
[JsonSerialiser] extraireObjets end count=0
[JsonSerialiser] deserialiserLot end
[JsonSerialiser] Lot #24 taille=1115
[JsonSerialiser] deserialiserLot start taille=1115
[JsonSerialiser] deserialiserLot after constructor
[JsonSerialiser] deserialiserLot after distribution
[JsonSerialiser] deserialiserLot after formatCarton
[JsonSerialiser] deserialiserLot after dateDebut
[JsonSerialiser] deserialiserLot after dateFin
[JsonSerialiser] deserialiserLot after dateFinTheorique
[JsonSerialiser] deserialiserLot after cadenceReel
[JsonSerialiser] deserialiserLot after collisage
[JsonSerialiser] deserialiserLot before nbPers
[JsonSerialiser] deserialiserLot after nbPers
[JsonSerialiser] deserialiserLot before poucentrecup
[JsonSerialiser] deserialiserLot after poucentrecup
[JsonSerialiser] deserialiserLot before lignesColisage
[JsonSerialiser] deserialiserLot lignesColisageStr=2
[JsonSerialiser] extraireObjets start len=2
[JsonSerialiser] extraireObjets end count=0
[JsonSerialiser] deserialiserLot end
[JsonSerialiser] Lot #25 taille=1122
[JsonSerialiser] deserialiserLot start taille=1122
[JsonSerialiser] deserialiserLot after constructor
[JsonSerialiser] deserialiserLot after distribution
[JsonSerialiser] deserialiserLot after formatCarton
[JsonSerialiser] deserialiserLot after dateDebut
[JsonSerialiser] deserialiserLot after dateFin
[JsonSerialiser] deserialiserLot after dateFinTheorique
[JsonSerialiser] deserialiserLot after cadenceReel
[JsonSerialiser] deserialiserLot after collisage
[JsonSerialiser] deserialiserLot before nbPers
[JsonSerialiser] deserialiserLot after nbPers
[JsonSerialiser] deserialiserLot before poucentrecup
[JsonSerialiser] deserialiserLot after poucentrecup
[JsonSerialiser] deserialiserLot before lignesColisage
[JsonSerialiser] deserialiserLot lignesColisageStr=2
[JsonSerialiser] extraireObjets start len=2
[JsonSerialiser] extraireObjets end count=0
[JsonSerialiser] deserialiserLot end
[JsonSerialiser] Lot #26 taille=1158
[JsonSerialiser] deserialiserLot start taille=1158
[JsonSerialiser] deserialiserLot after constructor
[JsonSerialiser] deserialiserLot after distribution
[JsonSerialiser] deserialiserLot after formatCarton
[JsonSerialiser] deserialiserLot after dateDebut
[JsonSerialiser] deserialiserLot after dateFin
[JsonSerialiser] deserialiserLot after dateFinTheorique
[JsonSerialiser] deserialiserLot after cadenceReel
[JsonSerialiser] deserialiserLot after collisage
[JsonSerialiser] deserialiserLot before nbPers
[JsonSerialiser] deserialiserLot after nbPers
[JsonSerialiser] deserialiserLot before poucentrecup
[JsonSerialiser] deserialiserLot after poucentrecup
[JsonSerialiser] deserialiserLot before lignesColisage
[JsonSerialiser] deserialiserLot lignesColisageStr=2
[JsonSerialiser] extraireObjets start len=2
[JsonSerialiser] extraireObjets end count=0
[JsonSerialiser] deserialiserLot end
[JsonSerialiser] Lot #27 taille=1135
[JsonSerialiser] deserialiserLot start taille=1135
[JsonSerialiser] deserialiserLot after constructor
[JsonSerialiser] deserialiserLot after distribution
[JsonSerialiser] deserialiserLot after formatCarton
[JsonSerialiser] deserialiserLot after dateDebut
[JsonSerialiser] deserialiserLot after dateFin
[JsonSerialiser] deserialiserLot after dateFinTheorique
[JsonSerialiser] deserialiserLot after cadenceReel
[JsonSerialiser] deserialiserLot after collisage
[JsonSerialiser] deserialiserLot before nbPers
[JsonSerialiser] deserialiserLot after nbPers
[JsonSerialiser] deserialiserLot before poucentrecup
[JsonSerialiser] deserialiserLot after poucentrecup
[JsonSerialiser] deserialiserLot before lignesColisage
[JsonSerialiser] deserialiserLot lignesColisageStr=2
[JsonSerialiser] extraireObjets start len=2
[JsonSerialiser] extraireObjets end count=0
[JsonSerialiser] deserialiserLot end
[JsonSerialiser] Lot #28 taille=1135
[JsonSerialiser] deserialiserLot start taille=1135
[JsonSerialiser] deserialiserLot after constructor
[JsonSerialiser] deserialiserLot after distribution
[JsonSerialiser] deserialiserLot after formatCarton
[JsonSerialiser] deserialiserLot after dateDebut
[JsonSerialiser] deserialiserLot after dateFin
[JsonSerialiser] deserialiserLot after dateFinTheorique
[JsonSerialiser] deserialiserLot after cadenceReel
[JsonSerialiser] deserialiserLot after collisage
[JsonSerialiser] deserialiserLot before nbPers
[JsonSerialiser] deserialiserLot after nbPers
[JsonSerialiser] deserialiserLot before poucentrecup
[JsonSerialiser] deserialiserLot after poucentrecup
[JsonSerialiser] deserialiserLot before lignesColisage
[JsonSerialiser] deserialiserLot lignesColisageStr=2
[JsonSerialiser] extraireObjets start len=2
[JsonSerialiser] extraireObjets end count=0
[JsonSerialiser] deserialiserLot end
[JsonSerialiser] Lot #29 taille=1144
[JsonSerialiser] deserialiserLot start taille=1144
[JsonSerialiser] deserialiserLot after constructor
[JsonSerialiser] deserialiserLot after distribution
[JsonSerialiser] deserialiserLot after formatCarton
[JsonSerialiser] deserialiserLot after dateDebut
[JsonSerialiser] deserialiserLot after dateFin
[JsonSerialiser] deserialiserLot after dateFinTheorique
[JsonSerialiser] deserialiserLot after cadenceReel
[JsonSerialiser] deserialiserLot after collisage
[JsonSerialiser] deserialiserLot before nbPers
[JsonSerialiser] deserialiserLot after nbPers
[JsonSerialiser] deserialiserLot before poucentrecup
[JsonSerialiser] deserialiserLot after poucentrecup
[JsonSerialiser] deserialiserLot before lignesColisage
[JsonSerialiser] deserialiserLot lignesColisageStr=2
[JsonSerialiser] extraireObjets start len=2
[JsonSerialiser] extraireObjets end count=0
[JsonSerialiser] deserialiserLot end
[JsonSerialiser] Lot #30 taille=1139
[JsonSerialiser] deserialiserLot start taille=1139
[JsonSerialiser] deserialiserLot after constructor
[JsonSerialiser] deserialiserLot after distribution
[JsonSerialiser] deserialiserLot after formatCarton
[JsonSerialiser] deserialiserLot after dateDebut
[JsonSerialiser] deserialiserLot after dateFin
[JsonSerialiser] deserialiserLot after dateFinTheorique
[JsonSerialiser] deserialiserLot after cadenceReel
[JsonSerialiser] deserialiserLot after collisage
[JsonSerialiser] deserialiserLot before nbPers
[JsonSerialiser] deserialiserLot after nbPers
[JsonSerialiser] deserialiserLot before poucentrecup
[JsonSerialiser] deserialiserLot after poucentrecup
[JsonSerialiser] deserialiserLot before lignesColisage
[JsonSerialiser] deserialiserLot lignesColisageStr=2
[JsonSerialiser] extraireObjets start len=2
[JsonSerialiser] extraireObjets end count=0
[JsonSerialiser] deserialiserLot end
[JsonSerialiser] Lot #31 taille=1155
[JsonSerialiser] deserialiserLot start taille=1155
[JsonSerialiser] deserialiserLot after constructor
[JsonSerialiser] deserialiserLot after distribution
[JsonSerialiser] deserialiserLot after formatCarton
[JsonSerialiser] deserialiserLot after dateDebut
[JsonSerialiser] deserialiserLot after dateFin
[JsonSerialiser] deserialiserLot after dateFinTheorique
[JsonSerialiser] deserialiserLot after cadenceReel
[JsonSerialiser] deserialiserLot after collisage
[JsonSerialiser] deserialiserLot before nbPers
[JsonSerialiser] deserialiserLot after nbPers
[JsonSerialiser] deserialiserLot before poucentrecup
[JsonSerialiser] deserialiserLot after poucentrecup
[JsonSerialiser] deserialiserLot before lignesColisage
[JsonSerialiser] deserialiserLot lignesColisageStr=2
[JsonSerialiser] extraireObjets start len=2
[JsonSerialiser] extraireObjets end count=0
[JsonSerialiser] deserialiserLot end
[JsonSerialiser] Lot #32 taille=1156
[JsonSerialiser] deserialiserLot start taille=1156
[JsonSerialiser] deserialiserLot after constructor
[JsonSerialiser] deserialiserLot after distribution
[JsonSerialiser] deserialiserLot after formatCarton
[JsonSerialiser] deserialiserLot after dateDebut
[JsonSerialiser] deserialiserLot after dateFin
[JsonSerialiser] deserialiserLot after dateFinTheorique
[JsonSerialiser] deserialiserLot after cadenceReel
[JsonSerialiser] deserialiserLot after collisage
[JsonSerialiser] deserialiserLot before nbPers
[JsonSerialiser] deserialiserLot after nbPers
[JsonSerialiser] deserialiserLot before poucentrecup
[JsonSerialiser] deserialiserLot after poucentrecup
[JsonSerialiser] deserialiserLot before lignesColisage
[JsonSerialiser] deserialiserLot lignesColisageStr=2
[JsonSerialiser] extraireObjets start len=2
[JsonSerialiser] extraireObjets end count=0
[JsonSerialiser] deserialiserLot end
[JsonSerialiser] Lot #33 taille=1138
[JsonSerialiser] deserialiserLot start taille=1138
[JsonSerialiser] deserialiserLot after constructor
[JsonSerialiser] deserialiserLot after distribution
[JsonSerialiser] deserialiserLot after formatCarton
[JsonSerialiser] deserialiserLot after dateDebut
[JsonSerialiser] deserialiserLot after dateFin
[JsonSerialiser] deserialiserLot after dateFinTheorique
[JsonSerialiser] deserialiserLot after cadenceReel
[JsonSerialiser] deserialiserLot after collisage
[JsonSerialiser] deserialiserLot before nbPers
[JsonSerialiser] deserialiserLot after nbPers
[JsonSerialiser] deserialiserLot before poucentrecup
[JsonSerialiser] deserialiserLot after poucentrecup
[JsonSerialiser] deserialiserLot before lignesColisage
[JsonSerialiser] deserialiserLot lignesColisageStr=2
[JsonSerialiser] extraireObjets start len=2
[JsonSerialiser] extraireObjets end count=0
[JsonSerialiser] deserialiserLot end
[JsonSerialiser] Lot #34 taille=1167
[JsonSerialiser] deserialiserLot start taille=1167
[JsonSerialiser] deserialiserLot after constructor
[JsonSerialiser] deserialiserLot after distribution
[JsonSerialiser] deserialiserLot after formatCarton
[JsonSerialiser] deserialiserLot after dateDebut
[JsonSerialiser] deserialiserLot after dateFin
[JsonSerialiser] deserialiserLot after dateFinTheorique
[JsonSerialiser] deserialiserLot after cadenceReel
[JsonSerialiser] deserialiserLot after collisage
[JsonSerialiser] deserialiserLot before nbPers
[JsonSerialiser] deserialiserLot after nbPers
[JsonSerialiser] deserialiserLot before poucentrecup
[JsonSerialiser] deserialiserLot after poucentrecup
[JsonSerialiser] deserialiserLot before lignesColisage
[JsonSerialiser] deserialiserLot lignesColisageStr=2
[JsonSerialiser] extraireObjets start len=2
[JsonSerialiser] extraireObjets end count=0
[JsonSerialiser] deserialiserLot end
[JsonSerialiser] Lot #35 taille=1143
[JsonSerialiser] deserialiserLot start taille=1143
[JsonSerialiser] deserialiserLot after constructor
[JsonSerialiser] deserialiserLot after distribution
[JsonSerialiser] deserialiserLot after formatCarton
[JsonSerialiser] deserialiserLot after dateDebut
[JsonSerialiser] deserialiserLot after dateFin
[JsonSerialiser] deserialiserLot after dateFinTheorique
[JsonSerialiser] deserialiserLot after cadenceReel
[JsonSerialiser] deserialiserLot after collisage
[JsonSerialiser] deserialiserLot before nbPers
[JsonSerialiser] deserialiserLot after nbPers
[JsonSerialiser] deserialiserLot before poucentrecup
[JsonSerialiser] deserialiserLot after poucentrecup
[JsonSerialiser] deserialiserLot before lignesColisage
[JsonSerialiser] deserialiserLot lignesColisageStr=2
[JsonSerialiser] extraireObjets start len=2
[JsonSerialiser] extraireObjets end count=0
[JsonSerialiser] deserialiserLot end
[JsonSerialiser] Lot #36 taille=1140
[JsonSerialiser] deserialiserLot start taille=1140
[JsonSerialiser] deserialiserLot after constructor
[JsonSerialiser] deserialiserLot after distribution
[JsonSerialiser] deserialiserLot after formatCarton
[JsonSerialiser] deserialiserLot after dateDebut
[JsonSerialiser] deserialiserLot after dateFin
[JsonSerialiser] deserialiserLot after dateFinTheorique
[JsonSerialiser] deserialiserLot after cadenceReel
[JsonSerialiser] deserialiserLot after collisage
[JsonSerialiser] deserialiserLot before nbPers
[JsonSerialiser] deserialiserLot after nbPers
[JsonSerialiser] deserialiserLot before poucentrecup
[JsonSerialiser] deserialiserLot after poucentrecup
[JsonSerialiser] deserialiserLot before lignesColisage
[JsonSerialiser] deserialiserLot lignesColisageStr=2
[JsonSerialiser] extraireObjets start len=2
[JsonSerialiser] extraireObjets end count=0
[JsonSerialiser] deserialiserLot end
[JsonSerialiser] Lot #37 taille=1128
[JsonSerialiser] deserialiserLot start taille=1128
[JsonSerialiser] deserialiserLot after constructor
[JsonSerialiser] deserialiserLot after distribution
[JsonSerialiser] deserialiserLot after formatCarton
[JsonSerialiser] deserialiserLot after dateDebut
[JsonSerialiser] deserialiserLot after dateFin
[JsonSerialiser] deserialiserLot after dateFinTheorique
[JsonSerialiser] deserialiserLot after cadenceReel
[JsonSerialiser] deserialiserLot after collisage
[JsonSerialiser] deserialiserLot before nbPers
[JsonSerialiser] deserialiserLot after nbPers
[JsonSerialiser] deserialiserLot before poucentrecup
[JsonSerialiser] deserialiserLot after poucentrecup
[JsonSerialiser] deserialiserLot before lignesColisage
[JsonSerialiser] deserialiserLot lignesColisageStr=2
[JsonSerialiser] extraireObjets start len=2
[JsonSerialiser] extraireObjets end count=0
[JsonSerialiser] deserialiserLot end
[JsonSerialiser] Lot #38 taille=1136
[JsonSerialiser] deserialiserLot start taille=1136
[JsonSerialiser] deserialiserLot after constructor
[JsonSerialiser] deserialiserLot after distribution
[JsonSerialiser] deserialiserLot after formatCarton
[JsonSerialiser] deserialiserLot after dateDebut
[JsonSerialiser] deserialiserLot after dateFin
[JsonSerialiser] deserialiserLot after dateFinTheorique
[JsonSerialiser] deserialiserLot after cadenceReel
[JsonSerialiser] deserialiserLot after collisage
[JsonSerialiser] deserialiserLot before nbPers
[JsonSerialiser] deserialiserLot after nbPers
[JsonSerialiser] deserialiserLot before poucentrecup
[JsonSerialiser] deserialiserLot after poucentrecup
[JsonSerialiser] deserialiserLot before lignesColisage
[JsonSerialiser] deserialiserLot lignesColisageStr=2
[JsonSerialiser] extraireObjets start len=2
[JsonSerialiser] extraireObjets end count=0
[JsonSerialiser] deserialiserLot end
[JsonSerialiser] Lot #39 taille=1140
[JsonSerialiser] deserialiserLot start taille=1140
[JsonSerialiser] deserialiserLot after constructor
[JsonSerialiser] deserialiserLot after distribution
[JsonSerialiser] deserialiserLot after formatCarton
[JsonSerialiser] deserialiserLot after dateDebut
[JsonSerialiser] deserialiserLot after dateFin
[JsonSerialiser] deserialiserLot after dateFinTheorique
[JsonSerialiser] deserialiserLot after cadenceReel
[JsonSerialiser] deserialiserLot after collisage
[JsonSerialiser] deserialiserLot before nbPers
[JsonSerialiser] deserialiserLot after nbPers
[JsonSerialiser] deserialiserLot before poucentrecup
[JsonSerialiser] deserialiserLot after poucentrecup
[JsonSerialiser] deserialiserLot before lignesColisage
[JsonSerialiser] deserialiserLot lignesColisageStr=2
[JsonSerialiser] extraireObjets start len=2
[JsonSerialiser] extraireObjets end count=0
[JsonSerialiser] deserialiserLot end
[JsonSerialiser] Lot #40 taille=1103
[JsonSerialiser] deserialiserLot start taille=1103
[JsonSerialiser] deserialiserLot after constructor
[JsonSerialiser] deserialiserLot after distribution
[JsonSerialiser] deserialiserLot after formatCarton
[JsonSerialiser] deserialiserLot after dateDebut
[JsonSerialiser] deserialiserLot after dateFin
[JsonSerialiser] deserialiserLot after dateFinTheorique
[JsonSerialiser] deserialiserLot after cadenceReel
[JsonSerialiser] deserialiserLot after collisage
[JsonSerialiser] deserialiserLot before nbPers
[JsonSerialiser] deserialiserLot after nbPers
[JsonSerialiser] deserialiserLot before poucentrecup
[JsonSerialiser] deserialiserLot after poucentrecup
[JsonSerialiser] deserialiserLot before lignesColisage
[JsonSerialiser] deserialiserLot lignesColisageStr=2
[JsonSerialiser] extraireObjets start len=2
[JsonSerialiser] extraireObjets end count=0
[JsonSerialiser] deserialiserLot end
[JsonSerialiser] Lot #41 taille=1138
[JsonSerialiser] deserialiserLot start taille=1138
[JsonSerialiser] deserialiserLot after constructor
[JsonSerialiser] deserialiserLot after distribution
[JsonSerialiser] deserialiserLot after formatCarton
[JsonSerialiser] deserialiserLot after dateDebut
[JsonSerialiser] deserialiserLot after dateFin
[JsonSerialiser] deserialiserLot after dateFinTheorique
[JsonSerialiser] deserialiserLot after cadenceReel
[JsonSerialiser] deserialiserLot after collisage
[JsonSerialiser] deserialiserLot before nbPers
[JsonSerialiser] deserialiserLot after nbPers
[JsonSerialiser] deserialiserLot before poucentrecup
[JsonSerialiser] deserialiserLot after poucentrecup
[JsonSerialiser] deserialiserLot before lignesColisage
[JsonSerialiser] deserialiserLot lignesColisageStr=2
[JsonSerialiser] extraireObjets start len=2
[JsonSerialiser] extraireObjets end count=0
[JsonSerialiser] deserialiserLot end
[JsonSerialiser] Lot #42 taille=1135
[JsonSerialiser] deserialiserLot start taille=1135
[JsonSerialiser] deserialiserLot after constructor
[JsonSerialiser] deserialiserLot after distribution
[JsonSerialiser] deserialiserLot after formatCarton
[JsonSerialiser] deserialiserLot after dateDebut
[JsonSerialiser] deserialiserLot after dateFin
[JsonSerialiser] deserialiserLot after dateFinTheorique
[JsonSerialiser] deserialiserLot after cadenceReel
[JsonSerialiser] deserialiserLot after collisage
[JsonSerialiser] deserialiserLot before nbPers
[JsonSerialiser] deserialiserLot after nbPers
[JsonSerialiser] deserialiserLot before poucentrecup
[JsonSerialiser] deserialiserLot after poucentrecup
[JsonSerialiser] deserialiserLot before lignesColisage
[JsonSerialiser] deserialiserLot lignesColisageStr=2
[JsonSerialiser] extraireObjets start len=2
[JsonSerialiser] extraireObjets end count=0
[JsonSerialiser] deserialiserLot end
[JsonSerialiser] Lot #43 taille=1137
[JsonSerialiser] deserialiserLot start taille=1137
[JsonSerialiser] deserialiserLot after constructor
[JsonSerialiser] deserialiserLot after distribution
[JsonSerialiser] deserialiserLot after formatCarton
[JsonSerialiser] deserialiserLot after dateDebut
[JsonSerialiser] deserialiserLot after dateFin
[JsonSerialiser] deserialiserLot after dateFinTheorique
[JsonSerialiser] deserialiserLot after cadenceReel
[JsonSerialiser] deserialiserLot after collisage
[JsonSerialiser] deserialiserLot before nbPers
[JsonSerialiser] deserialiserLot after nbPers
[JsonSerialiser] deserialiserLot before poucentrecup
[JsonSerialiser] deserialiserLot after poucentrecup
[JsonSerialiser] deserialiserLot before lignesColisage
[JsonSerialiser] deserialiserLot lignesColisageStr=2
[JsonSerialiser] extraireObjets start len=2
[JsonSerialiser] extraireObjets end count=0
[JsonSerialiser] deserialiserLot end
[JsonSerialiser] Lot #44 taille=1140
[JsonSerialiser] deserialiserLot start taille=1140
[JsonSerialiser] deserialiserLot after constructor
[JsonSerialiser] deserialiserLot after distribution
[JsonSerialiser] deserialiserLot after formatCarton
[JsonSerialiser] deserialiserLot after dateDebut
[JsonSerialiser] deserialiserLot after dateFin
[JsonSerialiser] deserialiserLot after dateFinTheorique
[JsonSerialiser] deserialiserLot after cadenceReel
[JsonSerialiser] deserialiserLot after collisage
[JsonSerialiser] deserialiserLot before nbPers
[JsonSerialiser] deserialiserLot after nbPers
[JsonSerialiser] deserialiserLot before poucentrecup
[JsonSerialiser] deserialiserLot after poucentrecup
[JsonSerialiser] deserialiserLot before lignesColisage
[JsonSerialiser] deserialiserLot lignesColisageStr=2
[JsonSerialiser] extraireObjets start len=2
[JsonSerialiser] extraireObjets end count=0
[JsonSerialiser] deserialiserLot end
[JsonSerialiser] Lot #45 taille=1122
[JsonSerialiser] deserialiserLot start taille=1122
[JsonSerialiser] deserialiserLot after constructor
[JsonSerialiser] deserialiserLot after distribution
[JsonSerialiser] deserialiserLot after formatCarton
[JsonSerialiser] deserialiserLot after dateDebut
[JsonSerialiser] deserialiserLot after dateFin
[JsonSerialiser] deserialiserLot after dateFinTheorique
[JsonSerialiser] deserialiserLot after cadenceReel
[JsonSerialiser] deserialiserLot after collisage
[JsonSerialiser] deserialiserLot before nbPers
[JsonSerialiser] deserialiserLot after nbPers
[JsonSerialiser] deserialiserLot before poucentrecup
[JsonSerialiser] deserialiserLot after poucentrecup
[JsonSerialiser] deserialiserLot before lignesColisage
[JsonSerialiser] deserialiserLot lignesColisageStr=2
[JsonSerialiser] extraireObjets start len=2
[JsonSerialiser] extraireObjets end count=0
[JsonSerialiser] deserialiserLot end
[JsonSerialiser] Lot #46 taille=1121
[JsonSerialiser] deserialiserLot start taille=1121
[JsonSerialiser] deserialiserLot after constructor
[JsonSerialiser] deserialiserLot after distribution
[JsonSerialiser] deserialiserLot after formatCarton
[JsonSerialiser] deserialiserLot after dateDebut
[JsonSerialiser] deserialiserLot after dateFin
[JsonSerialiser] deserialiserLot after dateFinTheorique
[JsonSerialiser] deserialiserLot after cadenceReel
[JsonSerialiser] deserialiserLot after collisage
[JsonSerialiser] deserialiserLot before nbPers
[JsonSerialiser] deserialiserLot after nbPers
[JsonSerialiser] deserialiserLot before poucentrecup
[JsonSerialiser] deserialiserLot after poucentrecup
[JsonSerialiser] deserialiserLot before lignesColisage
[JsonSerialiser] deserialiserLot lignesColisageStr=2
[JsonSerialiser] extraireObjets start len=2
[JsonSerialiser] extraireObjets end count=0
[JsonSerialiser] deserialiserLot end
[JsonSerialiser] Lot #47 taille=1128
[JsonSerialiser] deserialiserLot start taille=1128
[JsonSerialiser] deserialiserLot after constructor
[JsonSerialiser] deserialiserLot after distribution
[JsonSerialiser] deserialiserLot after formatCarton
[JsonSerialiser] deserialiserLot after dateDebut
[JsonSerialiser] deserialiserLot after dateFin
[JsonSerialiser] deserialiserLot after dateFinTheorique
[JsonSerialiser] deserialiserLot after cadenceReel
[JsonSerialiser] deserialiserLot after collisage
[JsonSerialiser] deserialiserLot before nbPers
[JsonSerialiser] deserialiserLot after nbPers
[JsonSerialiser] deserialiserLot before poucentrecup
[JsonSerialiser] deserialiserLot after poucentrecup
[JsonSerialiser] deserialiserLot before lignesColisage
[JsonSerialiser] deserialiserLot lignesColisageStr=2
[JsonSerialiser] extraireObjets start len=2
[JsonSerialiser] extraireObjets end count=0
[JsonSerialiser] deserialiserLot end
[JsonSerialiser] Lot #48 taille=1115
[JsonSerialiser] deserialiserLot start taille=1115
[JsonSerialiser] deserialiserLot after constructor
[JsonSerialiser] deserialiserLot after distribution
[JsonSerialiser] deserialiserLot after formatCarton
[JsonSerialiser] deserialiserLot after dateDebut
[JsonSerialiser] deserialiserLot after dateFin
[JsonSerialiser] deserialiserLot after dateFinTheorique
[JsonSerialiser] deserialiserLot after cadenceReel
[JsonSerialiser] deserialiserLot after collisage
[JsonSerialiser] deserialiserLot before nbPers
[JsonSerialiser] deserialiserLot after nbPers
[JsonSerialiser] deserialiserLot before poucentrecup
[JsonSerialiser] deserialiserLot after poucentrecup
[JsonSerialiser] deserialiserLot before lignesColisage
[JsonSerialiser] deserialiserLot lignesColisageStr=2
[JsonSerialiser] extraireObjets start len=2
[JsonSerialiser] extraireObjets end count=0
[JsonSerialiser] deserialiserLot end
[JsonSerialiser] Lot #49 taille=1111
[JsonSerialiser] deserialiserLot start taille=1111
[JsonSerialiser] deserialiserLot after constructor
[JsonSerialiser] deserialiserLot after distribution
[JsonSerialiser] deserialiserLot after formatCarton
[JsonSerialiser] deserialiserLot after dateDebut
[JsonSerialiser] deserialiserLot after dateFin
[JsonSerialiser] deserialiserLot after dateFinTheorique
[JsonSerialiser] deserialiserLot after cadenceReel
[JsonSerialiser] deserialiserLot after collisage
[JsonSerialiser] deserialiserLot before nbPers
[JsonSerialiser] deserialiserLot after nbPers
[JsonSerialiser] deserialiserLot before poucentrecup
[JsonSerialiser] deserialiserLot after poucentrecup
[JsonSerialiser] deserialiserLot before lignesColisage
[JsonSerialiser] deserialiserLot lignesColisageStr=2
[JsonSerialiser] extraireObjets start len=2
[JsonSerialiser] extraireObjets end count=0
[JsonSerialiser] deserialiserLot end
[JsonSerialiser] Lot #50 taille=1127
[JsonSerialiser] deserialiserLot start taille=1127
[JsonSerialiser] deserialiserLot after constructor
[JsonSerialiser] deserialiserLot after distribution
[JsonSerialiser] deserialiserLot after formatCarton
[JsonSerialiser] deserialiserLot after dateDebut
[JsonSerialiser] deserialiserLot after dateFin
[JsonSerialiser] deserialiserLot after dateFinTheorique
[JsonSerialiser] deserialiserLot after cadenceReel
[JsonSerialiser] deserialiserLot after collisage
[JsonSerialiser] deserialiserLot before nbPers
[JsonSerialiser] deserialiserLot after nbPers
[JsonSerialiser] deserialiserLot before poucentrecup
[JsonSerialiser] deserialiserLot after poucentrecup
[JsonSerialiser] deserialiserLot before lignesColisage
[JsonSerialiser] deserialiserLot lignesColisageStr=2
[JsonSerialiser] extraireObjets start len=2
[JsonSerialiser] extraireObjets end count=0
[JsonSerialiser] deserialiserLot end
[JsonSerialiser] Lot #51 taille=1119
[JsonSerialiser] deserialiserLot start taille=1119
[JsonSerialiser] deserialiserLot after constructor
[JsonSerialiser] deserialiserLot after distribution
[JsonSerialiser] deserialiserLot after formatCarton
[JsonSerialiser] deserialiserLot after dateDebut
[JsonSerialiser] deserialiserLot after dateFin
[JsonSerialiser] deserialiserLot after dateFinTheorique
[JsonSerialiser] deserialiserLot after cadenceReel
[JsonSerialiser] deserialiserLot after collisage
[JsonSerialiser] deserialiserLot before nbPers
[JsonSerialiser] deserialiserLot after nbPers
[JsonSerialiser] deserialiserLot before poucentrecup
[JsonSerialiser] deserialiserLot after poucentrecup
[JsonSerialiser] deserialiserLot before lignesColisage
[JsonSerialiser] deserialiserLot lignesColisageStr=2
[JsonSerialiser] extraireObjets start len=2
[JsonSerialiser] extraireObjets end count=0
[JsonSerialiser] deserialiserLot end
[JsonSerialiser] Lot #52 taille=1126
[JsonSerialiser] deserialiserLot start taille=1126
[JsonSerialiser] deserialiserLot after constructor
[JsonSerialiser] deserialiserLot after distribution
[JsonSerialiser] deserialiserLot after formatCarton
[JsonSerialiser] deserialiserLot after dateDebut
[JsonSerialiser] deserialiserLot after dateFin
[JsonSerialiser] deserialiserLot after dateFinTheorique
[JsonSerialiser] deserialiserLot after cadenceReel
[JsonSerialiser] deserialiserLot after collisage
[JsonSerialiser] deserialiserLot before nbPers
[JsonSerialiser] deserialiserLot after nbPers
[JsonSerialiser] deserialiserLot before poucentrecup
[JsonSerialiser] deserialiserLot after poucentrecup
[JsonSerialiser] deserialiserLot before lignesColisage
[JsonSerialiser] deserialiserLot lignesColisageStr=2
[JsonSerialiser] extraireObjets start len=2
[JsonSerialiser] extraireObjets end count=0
[JsonSerialiser] deserialiserLot end
[JsonSerialiser] Lot #53 taille=1127
[JsonSerialiser] deserialiserLot start taille=1127
[JsonSerialiser] deserialiserLot after constructor
[JsonSerialiser] deserialiserLot after distribution
[JsonSerialiser] deserialiserLot after formatCarton
[JsonSerialiser] deserialiserLot after dateDebut
[JsonSerialiser] deserialiserLot after dateFin
[JsonSerialiser] deserialiserLot after dateFinTheorique
[JsonSerialiser] deserialiserLot after cadenceReel
[JsonSerialiser] deserialiserLot after collisage
[JsonSerialiser] deserialiserLot before nbPers
[JsonSerialiser] deserialiserLot after nbPers
[JsonSerialiser] deserialiserLot before poucentrecup
[JsonSerialiser] deserialiserLot after poucentrecup
[JsonSerialiser] deserialiserLot before lignesColisage
[JsonSerialiser] deserialiserLot lignesColisageStr=2
[JsonSerialiser] extraireObjets start len=2
[JsonSerialiser] extraireObjets end count=0
[JsonSerialiser] deserialiserLot end
[JsonSerialiser] Lot #54 taille=1119
[JsonSerialiser] deserialiserLot start taille=1119
[JsonSerialiser] deserialiserLot after constructor
[JsonSerialiser] deserialiserLot after distribution
[JsonSerialiser] deserialiserLot after formatCarton
[JsonSerialiser] deserialiserLot after dateDebut
[JsonSerialiser] deserialiserLot after dateFin
[JsonSerialiser] deserialiserLot after dateFinTheorique
[JsonSerialiser] deserialiserLot after cadenceReel
[JsonSerialiser] deserialiserLot after collisage
[JsonSerialiser] deserialiserLot before nbPers
[JsonSerialiser] deserialiserLot after nbPers
[JsonSerialiser] deserialiserLot before poucentrecup
[JsonSerialiser] deserialiserLot after poucentrecup
[JsonSerialiser] deserialiserLot before lignesColisage
[JsonSerialiser] deserialiserLot lignesColisageStr=2
[JsonSerialiser] extraireObjets start len=2
[JsonSerialiser] extraireObjets end count=0
[JsonSerialiser] deserialiserLot end
[JsonSerialiser] Lot #55 taille=1121
[JsonSerialiser] deserialiserLot start taille=1121
[JsonSerialiser] deserialiserLot after constructor
[JsonSerialiser] deserialiserLot after distribution
[JsonSerialiser] deserialiserLot after formatCarton
[JsonSerialiser] deserialiserLot after dateDebut
[JsonSerialiser] deserialiserLot after dateFin
[JsonSerialiser] deserialiserLot after dateFinTheorique
[JsonSerialiser] deserialiserLot after cadenceReel
[JsonSerialiser] deserialiserLot after collisage
[JsonSerialiser] deserialiserLot before nbPers
[JsonSerialiser] deserialiserLot after nbPers
[JsonSerialiser] deserialiserLot before poucentrecup
[JsonSerialiser] deserialiserLot after poucentrecup
[JsonSerialiser] deserialiserLot before lignesColisage
[JsonSerialiser] deserialiserLot lignesColisageStr=2
[JsonSerialiser] extraireObjets start len=2
[JsonSerialiser] extraireObjets end count=0
[JsonSerialiser] deserialiserLot end
[JsonSerialiser] Lot #56 taille=1118
[JsonSerialiser] deserialiserLot start taille=1118
[JsonSerialiser] deserialiserLot after constructor
[JsonSerialiser] deserialiserLot after distribution
[JsonSerialiser] deserialiserLot after formatCarton
[JsonSerialiser] deserialiserLot after dateDebut
[JsonSerialiser] deserialiserLot after dateFin
[JsonSerialiser] deserialiserLot after dateFinTheorique
[JsonSerialiser] deserialiserLot after cadenceReel
[JsonSerialiser] deserialiserLot after collisage
[JsonSerialiser] deserialiserLot before nbPers
[JsonSerialiser] deserialiserLot after nbPers
[JsonSerialiser] deserialiserLot before poucentrecup
[JsonSerialiser] deserialiserLot after poucentrecup
[JsonSerialiser] deserialiserLot before lignesColisage
[JsonSerialiser] deserialiserLot lignesColisageStr=2
[JsonSerialiser] extraireObjets start len=2
[JsonSerialiser] extraireObjets end count=0
[JsonSerialiser] deserialiserLot end
[JsonSerialiser] Lot #57 taille=1114
[JsonSerialiser] deserialiserLot start taille=1114
[JsonSerialiser] deserialiserLot after constructor
[JsonSerialiser] deserialiserLot after distribution
[JsonSerialiser] deserialiserLot after formatCarton
[JsonSerialiser] deserialiserLot after dateDebut
[JsonSerialiser] deserialiserLot after dateFin
[JsonSerialiser] deserialiserLot after dateFinTheorique
[JsonSerialiser] deserialiserLot after cadenceReel
[JsonSerialiser] deserialiserLot after collisage
[JsonSerialiser] deserialiserLot before nbPers
[JsonSerialiser] deserialiserLot after nbPers
[JsonSerialiser] deserialiserLot before poucentrecup
[JsonSerialiser] deserialiserLot after poucentrecup
[JsonSerialiser] deserialiserLot before lignesColisage
[JsonSerialiser] deserialiserLot lignesColisageStr=2
[JsonSerialiser] extraireObjets start len=2
[JsonSerialiser] extraireObjets end count=0
[JsonSerialiser] deserialiserLot end
[JsonSerialiser] Lot #58 taille=1143
[JsonSerialiser] deserialiserLot start taille=1143
[JsonSerialiser] deserialiserLot after constructor
[JsonSerialiser] deserialiserLot after distribution
[JsonSerialiser] deserialiserLot after formatCarton
[JsonSerialiser] deserialiserLot after dateDebut
[JsonSerialiser] deserialiserLot after dateFin
[JsonSerialiser] deserialiserLot after dateFinTheorique
[JsonSerialiser] deserialiserLot after cadenceReel
[JsonSerialiser] deserialiserLot after collisage
[JsonSerialiser] deserialiserLot before nbPers
[JsonSerialiser] deserialiserLot after nbPers
[JsonSerialiser] deserialiserLot before poucentrecup
[JsonSerialiser] deserialiserLot after poucentrecup
[JsonSerialiser] deserialiserLot before lignesColisage
[JsonSerialiser] deserialiserLot lignesColisageStr=2
[JsonSerialiser] extraireObjets start len=2
[JsonSerialiser] extraireObjets end count=0
[JsonSerialiser] deserialiserLot end
[JsonSerialiser] Lot #59 taille=1106
[JsonSerialiser] deserialiserLot start taille=1106
[JsonSerialiser] deserialiserLot after constructor
[JsonSerialiser] deserialiserLot after distribution
[JsonSerialiser] deserialiserLot after formatCarton
[JsonSerialiser] deserialiserLot after dateDebut
[JsonSerialiser] deserialiserLot after dateFin
[JsonSerialiser] deserialiserLot after dateFinTheorique
[JsonSerialiser] deserialiserLot after cadenceReel
[JsonSerialiser] deserialiserLot after collisage
[JsonSerialiser] deserialiserLot before nbPers
[JsonSerialiser] deserialiserLot after nbPers
[JsonSerialiser] deserialiserLot before poucentrecup
[JsonSerialiser] deserialiserLot after poucentrecup
[JsonSerialiser] deserialiserLot before lignesColisage
[JsonSerialiser] deserialiserLot lignesColisageStr=2
[JsonSerialiser] extraireObjets start len=2
[JsonSerialiser] extraireObjets end count=0
[JsonSerialiser] deserialiserLot end
[JsonSerialiser] extraireObjets start len=1933
[JsonSerialiser] extraireObjets end count=5
[JsonSerialiser] Societes objets extraits : 5
[JsonSerialiser] Société #0 JSON taille=553
[JsonSerialiser] extraireObjets start len=418
[JsonSerialiser] extraireObjets end count=3
[JsonSerialiser] Société #1 JSON taille=417
[JsonSerialiser] extraireObjets start len=283
[JsonSerialiser] extraireObjets end count=2
[JsonSerialiser] Société #2 JSON taille=394
[JsonSerialiser] extraireObjets start len=271
[JsonSerialiser] extraireObjets end count=2
[JsonSerialiser] Société #3 JSON taille=272
[JsonSerialiser] extraireObjets start len=144
[JsonSerialiser] extraireObjets end count=1
[JsonSerialiser] Société #4 JSON taille=275
[JsonSerialiser] extraireObjets start len=146
[JsonSerialiser] extraireObjets end count=1
[Chargement] 60 lots, 5 sociétés depuis C:\Users\erwan\Documents\GitHub\Stage_M2Serveur\gestionNOZ\app\data\courutilisation
[Serveur] Chargement initial terminé.
[Serveur] 60 lots chargés.

????????????????????????????????????????????????????
?  AVERTISSEMENT SÉCURITÉ                          ?
?  Ce serveur tourne en HTTP (non chiffré).        ?
?  Les tokens de session voyagent en clair.        ?
?  Sur réseau local d'entreprise : tolérable.      ?
?  Sur internet : utilisez nginx + HTTPS.          ?
????????????????????????????????????????????????????

[Serveur] Avant server.start()
[Serveur] Démarré sur le port 8080
